nohup: ignoring input
GP fit quality study — full_l1 score, FREQ_SPAN=10.0 kHz, BOUND=0.5
  N_pts    : [10, 50, 100, 250, 500, 1000]
  N_shots  : [100.0, 1000.0, 10000.0, 100000.0, Inf]
  Seeds    : 50   N_test = 5000
  Workers  : 19

Building test grid (5000 pts in [-0.5, 0.5]^3) ...
  Q_true: mean=0.4019  min=0.0024  max=0.9940
Precomputing 1D slice ground truth ...

Running 1500 configs (19 workers), writing after each batch ...
  n_pts=  10  N_shots=100      ... done in 1751.8s  (50/50 ok)
  n_pts=  10  N_shots=1000     ... done in 1711.4s  (50/50 ok)
  n_pts=  10  N_shots=10000    ... done in 1721.2s  (50/50 ok)
  n_pts=  10  N_shots=100000   ... done in 1738.3s  (50/50 ok)
  n_pts=  10  N_shots=Inf      ... done in 1759.5s  (50/50 ok)
  n_pts=  50  N_shots=100      ... done in 2003.6s  (50/50 ok)
  n_pts=  50  N_shots=1000     ... done in 1933.6s  (50/50 ok)
  n_pts=  50  N_shots=10000    ... done in 1907.0s  (50/50 ok)
  n_pts=  50  N_shots=100000   ... done in 1967.2s  (50/50 ok)
  n_pts=  50  N_shots=Inf      ... done in 1998.9s  (50/50 ok)
  n_pts= 100  N_shots=100      ... done in 2254.9s  (50/50 ok)
  n_pts= 100  N_shots=1000     ... done in 2289.2s  (50/50 ok)
  n_pts= 100  N_shots=10000    ... done in 2281.9s  (50/50 ok)
  n_pts= 100  N_shots=100000   ... done in 2277.4s  (50/50 ok)
  n_pts= 100  N_shots=Inf      ... done in 2264.9s  (50/50 ok)
  n_pts= 250  N_shots=100      ... done in 3111.6s  (50/50 ok)
  n_pts= 250  N_shots=1000     ... done in 3153.8s  (50/50 ok)
  n_pts= 250  N_shots=10000    ... done in 3170.7s  (50/50 ok)
  n_pts= 250  N_shots=100000   ... done in 3059.7s  (50/50 ok)
  n_pts= 250  N_shots=Inf      ... done in 3120.7s  (50/50 ok)
  n_pts= 500  N_shots=100      ... done in 4905.0s  (50/50 ok)
  n_pts= 500  N_shots=1000     ... done in 4867.8s  (50/50 ok)
  n_pts= 500  N_shots=10000    ... done in 4765.7s  (50/50 ok)
  n_pts= 500  N_shots=100000   ... done in 4885.2s  (50/50 ok)
  n_pts= 500  N_shots=Inf      ... done in 4694.5s  (50/50 ok)
  n_pts=1000  N_shots=100      ... done in 8872.8s  (50/50 ok)
  n_pts=1000  N_shots=1000     ... done in 8920.8s  (50/50 ok)
  n_pts=1000  N_shots=10000    ... done in 8719.6s  (50/50 ok)
  n_pts=1000  N_shots=100000   ... done in 8917.4s  (50/50 ok)
  n_pts=1000  N_shots=Inf      ... done in 8778.9s  (50/50 ok)

Done in 1896m45s.
  Metrics : /home/patcaspu/QuantumFidelityOptimization/scripts/data/gp_fit_quality_3d_2ms.csv
  Slices  : /home/patcaspu/QuantumFidelityOptimization/scripts/data/slices_output.csv
  Near pts: /home/patcaspu/QuantumFidelityOptimization/scripts/data/train_near_output.csv

=== RMSE (raw) — mean across seeds ===
n_pts\N          100      1000     10000    100000       Inf
10            0.1859    0.1802    0.1793    0.1792    0.1792
50            0.0704    0.0562    0.0547    0.0544    0.0544
100           0.0485    0.0340    0.0309    0.0305    0.0305
250           0.0317    0.0180    0.0132    0.0124    0.0123
500           0.0230    0.0122    0.0071    0.0056    0.0054
1000          0.0177    0.0088    0.0045    0.0029    0.0024

=== RMSE (corr) — mean across seeds ===
n_pts\N          100      1000     10000    100000       Inf
10            0.1802    0.1796    0.1792    0.1792    0.1792
50            0.0532    0.0543    0.0545    0.0544    0.0544
100           0.0150    0.0307    0.0305    0.0304    0.0305
250           0.0000    0.0107    0.0124    0.0123    0.0123
500           0.0000    0.0001    0.0054    0.0054    0.0054
1000          0.0000    0.0000    0.0006    0.0025    0.0024

=== Coverage-95 (GP σ) — mean across seeds ===
n_pts\N          100      1000     10000    100000       Inf
10            0.7952    0.8002    0.8118    0.8161    0.8166
50            0.9669    0.9783    0.9776    0.9774    0.9774
100           0.9763    0.9814    0.9843    0.9843    0.9841
250           0.9794    0.9864    0.9909    0.9912    0.9910
500           0.9859    0.9868    0.9918    0.9955    0.9956
1000          0.9877    0.9890    0.9917    0.9959    0.9969

=== Coverage-95 (GP+noise) — mean across seeds ===
n_pts\N          100      1000     10000    100000       Inf
10            0.8333    0.8054    0.8123    0.8161    0.8166
50            0.9867    0.9815    0.9779    0.9774    0.9774
100           0.9954    0.9882    0.9848    0.9843    0.9841
250           0.9980    0.9964    0.9928    0.9913    0.9910
500           0.9996    0.9984    0.9969    0.9958    0.9956
1000          0.9999    0.9995    0.9987    0.9972    0.9969

=== CRPS (GP+noise) — mean across seeds ===
n_pts\N          100      1000     10000    100000       Inf
10            0.1059    0.1029    0.1020    0.1017    0.1017
50            0.0388    0.0289    0.0274    0.0272    0.0272
100           0.0279    0.0175    0.0151    0.0147    0.0147
250           0.0198    0.0100    0.0066    0.0059    0.0058
500           0.0162    0.0074    0.0039    0.0029    0.0027
1000          0.0141    0.0058    0.0027    0.0016    0.0013

=== MSSE (GP+noise, ≈1=good) — mean across seeds ===
n_pts\N          100      1000     10000    100000       Inf
10            2.9535    3.4534    3.3270    3.2693    3.2523
50            0.5191    0.5538    0.5570    0.5573    0.5559
100           0.3866    0.4593    0.4483    0.4407    0.4408
250           0.2711    0.3541    0.3339    0.2972    0.2900
500           0.1815    0.2881    0.3001    0.2171    0.1846
1000          0.1255    0.2146    0.2749    0.2152    0.1237

=== MSSE (GP σ only, ≈1=good) — mean across seeds ===
n_pts\N          100      1000     10000    100000       Inf
10            4.9109    3.6363    3.3457    3.2713    3.2523
50            0.7659    0.5994    0.5610    0.5577    0.5559
100           0.6807    0.5593    0.4581    0.4415    0.4408
250           0.6635    0.5469    0.3728    0.2999    0.2900
500           0.6040    0.5657    0.4009    0.2256    0.1846
1000          0.5945    0.5570    0.4542    0.2500    0.1237
